src/pages/Music.tsx(78,122): error TS6133: 'viewMode' is declared but its value is never read.
